2026-09-06 21:24:23.087  CORE AUDIO HELPER BEREIT
2026-09-06 21:24:23.131  YOUTUBE MUSIC BRIDGE V12.35 START - HOME VARIABLE FIX + ROBUST GSMTC DETECTION
2026-09-06 21:24:23.152  GSMTC MANAGER BEREIT
2026-09-06 21:24:23.156  YT AUTO START AUS (AutoLaunch=0)
2026-09-06 21:24:23.193  SESSION SCAN | 0 Sessions gefunden
2026-09-06 21:24:31.576  SESSION SCAN | 0 Sessions gefunden
2026-09-06 21:24:39.904  SESSION SCAN | 0 Sessions gefunden
2026-09-06 21:24:48.237  SESSION SCAN | 0 Sessions gefunden
2026-09-06 21:24:56.568  SESSION SCAN | 0 Sessions gefunden
2026-09-06 21:25:04.896  SESSION SCAN | 0 Sessions gefunden
2026-09-06 21:25:13.236  SESSION SCAN | 0 Sessions gefunden
2026-09-06 21:25:21.567  SESSION SCAN | 0 Sessions gefunden
2026-09-06 21:25:29.901  SESSION SCAN | 0 Sessions gefunden
2026-09-06 21:25:38.215  SESSION SCAN | 0 Sessions gefunden
2026-09-06 21:25:46.528  SESSION SCAN | 0 Sessions gefunden
2026-09-06 21:25:54.851  SESSION SCAN | 0 Sessions gefunden
2026-09-06 21:26:03.188  SESSION SCAN | 0 Sessions gefunden
2026-09-06 21:26:11.516  SESSION SCAN | 0 Sessions gefunden
2026-09-06 21:26:19.836  SESSION SCAN | 0 Sessions gefunden
2026-09-06 21:26:28.173  SESSION SCAN | 0 Sessions gefunden
2026-09-06 21:26:36.501  SESSION SCAN | 0 Sessions gefunden
2026-09-06 21:26:44.829  SESSION SCAN | 0 Sessions gefunden
2026-09-06 21:26:53.159  SESSION SCAN | 0 Sessions gefunden
2026-09-06 21:27:01.493  SESSION SCAN | 0 Sessions gefunden
2026-09-06 21:27:09.808  SESSION SCAN | 0 Sessions gefunden
2026-09-06 21:27:18.142  SESSION SCAN | 0 Sessions gefunden
2026-09-06 21:27:26.465  SESSION SCAN | 0 Sessions gefunden
2026-09-06 21:27:34.790  SESSION SCAN | 0 Sessions gefunden
2026-09-06 21:27:43.124  SESSION SCAN | 0 Sessions gefunden
2026-09-06 21:27:51.454  SESSION SCAN | 0 Sessions gefunden
2026-09-06 21:27:59.796  SESSION SCAN | 0 Sessions gefunden
2026-09-06 21:28:08.126  SESSION SCAN | 0 Sessions gefunden
2026-09-06 21:28:16.451  SESSION SCAN | 0 Sessions gefunden
2026-09-06 21:28:24.778  SESSION SCAN | 0 Sessions gefunden
2026-09-06 21:28:33.104  SESSION SCAN | 0 Sessions gefunden
2026-09-06 21:28:36.302  PARENT ENDE | MANAGED=False
2026-09-06 21:28:36.307  YT VOLUME RESTORE | SESSIONS=0
2026-09-06 21:28:36.308  BRIDGE ENDE
2026-09-06 21:34:24.216  CORE AUDIO HELPER BEREIT
2026-09-06 21:34:24.255  YOUTUBE MUSIC BRIDGE V12.35 START - HOME VARIABLE FIX + ROBUST GSMTC DETECTION
2026-09-06 21:34:24.281  GSMTC MANAGER BEREIT
2026-09-06 21:34:24.290  YT AUTO START AUS (AutoLaunch=0)
2026-09-06 21:34:24.327  SESSION SCAN | 0 Sessions gefunden
2026-09-06 21:34:32.691  SESSION SCAN | 0 Sessions gefunden
2026-09-06 21:34:40.995  SESSION SCAN | 0 Sessions gefunden
2026-09-06 21:34:49.303  SESSION SCAN | 0 Sessions gefunden
2026-09-06 21:34:57.632  SESSION SCAN | 0 Sessions gefunden
2026-09-06 21:35:05.963  SESSION SCAN | 0 Sessions gefunden
2026-09-06 21:35:14.269  SESSION SCAN | 0 Sessions gefunden
2026-09-06 21:35:22.558  SESSION SCAN | 0 Sessions gefunden
2026-09-06 21:35:30.883  SESSION SCAN | 0 Sessions gefunden
2026-09-06 21:35:39.208  SESSION SCAN | 0 Sessions gefunden
2026-09-06 21:35:47.532  SESSION SCAN | 0 Sessions gefunden
2026-09-06 21:35:55.841  SESSION SCAN | 0 Sessions gefunden
2026-09-06 21:36:04.138  SESSION SCAN | 0 Sessions gefunden
2026-09-06 21:36:12.436  SESSION SCAN | 0 Sessions gefunden
2026-09-06 21:36:20.729  SESSION SCAN | 0 Sessions gefunden
2026-09-06 21:36:29.039  SESSION SCAN | 0 Sessions gefunden
2026-09-06 21:36:37.349  SESSION SCAN | 0 Sessions gefunden
2026-09-06 21:36:45.658  SESSION SCAN | 0 Sessions gefunden
2026-09-06 21:36:53.991  SESSION SCAN | 0 Sessions gefunden
2026-09-06 21:37:02.284  SESSION SCAN | 0 Sessions gefunden
2026-09-06 21:37:10.613  SESSION SCAN | 0 Sessions gefunden
2026-09-06 21:37:18.927  SESSION SCAN | 0 Sessions gefunden
2026-09-06 21:37:27.229  SESSION SCAN | 0 Sessions gefunden
2026-09-06 21:37:35.534  SESSION SCAN | 0 Sessions gefunden
2026-09-06 21:37:43.845  SESSION SCAN | 0 Sessions gefunden
2026-09-06 21:37:52.165  SESSION SCAN | 0 Sessions gefunden
2026-09-06 21:38:00.493  SESSION SCAN | 0 Sessions gefunden
2026-09-06 21:38:08.800  SESSION SCAN | 0 Sessions gefunden
2026-09-06 21:38:17.125  SESSION SCAN | 0 Sessions gefunden
2026-09-06 21:38:25.451  SESSION SCAN | 0 Sessions gefunden
2026-09-06 21:38:33.773  SESSION SCAN | 0 Sessions gefunden
2026-09-06 21:38:42.083  SESSION SCAN | 0 Sessions gefunden
2026-09-06 21:38:50.364  SESSION SCAN | 0 Sessions gefunden
2026-09-06 21:38:58.665  SESSION SCAN | 0 Sessions gefunden
2026-09-06 21:39:06.984  SESSION SCAN | 0 Sessions gefunden
2026-09-06 21:39:15.297  SESSION SCAN | 0 Sessions gefunden
2026-09-06 21:39:23.604  SESSION SCAN | 0 Sessions gefunden
2026-09-06 21:39:31.902  SESSION SCAN | 0 Sessions gefunden
2026-09-06 21:39:40.207  SESSION SCAN | 0 Sessions gefunden
2026-09-06 21:39:48.532  SESSION SCAN | 0 Sessions gefunden
2026-09-06 21:39:56.849  SESSION SCAN | 0 Sessions gefunden
2026-09-06 21:40:05.181  SESSION SCAN | 0 Sessions gefunden
2026-09-06 21:40:13.491  SESSION SCAN | 0 Sessions gefunden
2026-09-06 21:40:21.815  SESSION SCAN | 0 Sessions gefunden
2026-09-06 21:40:30.129  SESSION SCAN | 0 Sessions gefunden
2026-09-06 21:40:38.459  SESSION SCAN | 0 Sessions gefunden
2026-09-06 21:40:46.784  SESSION SCAN | 0 Sessions gefunden
2026-09-06 21:40:55.096  SESSION SCAN | 0 Sessions gefunden
2026-09-06 21:41:03.397  SESSION SCAN | 0 Sessions gefunden
2026-09-06 21:41:11.710  SESSION SCAN | 0 Sessions gefunden
2026-09-06 21:41:20.020  SESSION SCAN | 0 Sessions gefunden
2026-09-06 21:41:28.346  SESSION SCAN | 0 Sessions gefunden
2026-09-06 21:41:36.651  SESSION SCAN | 0 Sessions gefunden
2026-09-06 21:41:44.947  SESSION SCAN | 0 Sessions gefunden
2026-09-06 21:41:53.275  SESSION SCAN | 0 Sessions gefunden
2026-09-06 21:42:01.590  SESSION SCAN | 0 Sessions gefunden
2026-09-06 21:42:09.919  SESSION SCAN | 0 Sessions gefunden
2026-09-06 21:42:18.248  SESSION SCAN | 0 Sessions gefunden
2026-09-06 21:42:26.542  SESSION SCAN | 0 Sessions gefunden
2026-09-06 21:42:34.859  SESSION SCAN | 0 Sessions gefunden
2026-09-06 21:42:43.167  SESSION SCAN | 0 Sessions gefunden
2026-09-06 21:42:51.476  SESSION SCAN | 0 Sessions gefunden
2026-09-06 21:42:59.787  SESSION SCAN | 0 Sessions gefunden
2026-09-06 21:43:08.107  SESSION SCAN | 0 Sessions gefunden
2026-09-06 21:43:16.432  SESSION SCAN | 0 Sessions gefunden
2026-09-06 21:43:24.723  SESSION SCAN | 0 Sessions gefunden
2026-09-06 21:43:33.046  SESSION SCAN | 0 Sessions gefunden
2026-09-06 21:43:41.364  SESSION SCAN | 0 Sessions gefunden
2026-09-06 21:43:49.640  SESSION SCAN | 0 Sessions gefunden
2026-09-06 21:43:57.953  SESSION SCAN | 0 Sessions gefunden
2026-09-06 21:44:06.266  SESSION SCAN | 0 Sessions gefunden
2026-09-06 21:44:14.579  SESSION SCAN | 0 Sessions gefunden
2026-09-06 21:44:22.895  SESSION SCAN | 0 Sessions gefunden
2026-09-06 21:44:31.171  SESSION SCAN | 0 Sessions gefunden
2026-09-06 21:44:39.486  SESSION SCAN | 0 Sessions gefunden
2026-09-06 21:44:47.818  SESSION SCAN | 0 Sessions gefunden
2026-09-06 21:44:56.154  SESSION SCAN | 0 Sessions gefunden
2026-09-06 21:45:04.485  SESSION SCAN | 0 Sessions gefunden
2026-09-06 21:45:12.798  SESSION SCAN | 0 Sessions gefunden
2026-09-06 21:45:21.128  SESSION SCAN | 0 Sessions gefunden
2026-09-06 21:45:29.457  SESSION SCAN | 0 Sessions gefunden
2026-09-06 21:45:37.787  SESSION SCAN | 0 Sessions gefunden
2026-09-06 21:45:46.106  SESSION SCAN | 0 Sessions gefunden
2026-09-06 21:45:54.422  SESSION SCAN | 0 Sessions gefunden
2026-09-06 21:46:02.736  SESSION SCAN | 0 Sessions gefunden
2026-09-06 21:46:11.067  SESSION SCAN | 0 Sessions gefunden
2026-09-06 21:46:19.348  SESSION SCAN | 0 Sessions gefunden
2026-09-06 21:46:27.674  SESSION SCAN | 0 Sessions gefunden
2026-09-06 21:46:35.997  SESSION SCAN | 0 Sessions gefunden
2026-09-06 21:46:44.310  SESSION SCAN | 0 Sessions gefunden
2026-09-06 21:46:52.636  SESSION SCAN | 0 Sessions gefunden
2026-09-06 21:47:00.926  SESSION SCAN | 0 Sessions gefunden
2026-09-06 21:47:09.236  SESSION SCAN | 0 Sessions gefunden
2026-09-06 21:47:17.528  SESSION SCAN | 0 Sessions gefunden
2026-09-06 21:47:25.822  SESSION SCAN | 0 Sessions gefunden
2026-09-06 21:47:34.117  SESSION SCAN | 0 Sessions gefunden
2026-09-06 21:47:42.400  SESSION SCAN | 0 Sessions gefunden
2026-09-06 21:47:50.639  SESSION SCAN | 0 Sessions gefunden
2026-09-06 21:47:58.894  SESSION SCAN | 0 Sessions gefunden
2026-09-06 21:48:07.184  SESSION SCAN | 0 Sessions gefunden
2026-09-06 21:48:15.483  SESSION SCAN | 0 Sessions gefunden
2026-09-06 21:48:23.805  SESSION SCAN | 0 Sessions gefunden
2026-09-06 21:48:32.093  SESSION SCAN | 0 Sessions gefunden
2026-09-06 21:48:40.375  SESSION SCAN | 0 Sessions gefunden
2026-09-06 21:48:48.683  SESSION SCAN | 0 Sessions gefunden
2026-09-06 21:48:56.966  SESSION SCAN | 0 Sessions gefunden
2026-09-06 21:49:05.248  SESSION SCAN | 0 Sessions gefunden
2026-09-06 21:49:13.549  SESSION SCAN | 0 Sessions gefunden
2026-09-06 21:49:21.879  SESSION SCAN | 0 Sessions gefunden
2026-09-06 21:49:30.188  SESSION SCAN | 0 Sessions gefunden
2026-09-06 21:49:38.512  SESSION SCAN | 0 Sessions gefunden
2026-09-06 21:49:46.818  SESSION SCAN | 0 Sessions gefunden
2026-09-06 21:49:55.124  SESSION SCAN | 0 Sessions gefunden
2026-09-06 21:50:03.448  SESSION SCAN | 0 Sessions gefunden
2026-09-06 21:50:11.744  SESSION SCAN | 0 Sessions gefunden
2026-09-06 21:50:20.071  SESSION SCAN | 0 Sessions gefunden
2026-09-06 21:50:28.369  SESSION SCAN | 0 Sessions gefunden
2026-09-06 21:50:36.677  SESSION SCAN | 0 Sessions gefunden
2026-09-06 21:50:44.969  SESSION SCAN | 0 Sessions gefunden
2026-09-06 21:50:53.264  SESSION SCAN | 0 Sessions gefunden
2026-09-06 21:51:01.576  SESSION SCAN | 0 Sessions gefunden
2026-09-06 21:51:09.900  SESSION SCAN | 0 Sessions gefunden
2026-09-06 21:51:18.199  SESSION SCAN | 0 Sessions gefunden
2026-09-06 21:51:26.516  SESSION SCAN | 0 Sessions gefunden
2026-09-06 21:51:34.838  SESSION SCAN | 0 Sessions gefunden
2026-09-06 21:51:43.149  SESSION SCAN | 0 Sessions gefunden
2026-09-06 21:51:51.475  SESSION SCAN | 0 Sessions gefunden
2026-09-06 21:51:59.783  SESSION SCAN | 0 Sessions gefunden
2026-09-06 21:52:08.105  SESSION SCAN | 0 Sessions gefunden
2026-09-06 21:52:16.441  SESSION SCAN | 0 Sessions gefunden
2026-09-06 21:52:24.731  SESSION SCAN | 0 Sessions gefunden
2026-09-06 21:52:33.014  SESSION SCAN | 0 Sessions gefunden
2026-09-06 21:52:41.292  SESSION SCAN | 0 Sessions gefunden
2026-09-06 21:52:49.616  SESSION SCAN | 0 Sessions gefunden
2026-09-06 21:52:53.937  MANAGED MODE OFF
2026-09-06 21:52:53.948  YT VOLUME RESTORE | SESSIONS=0
2026-09-06 21:52:54.189  YT VOLUME RESTORE | SESSIONS=0
2026-09-06 21:52:54.190  BRIDGE ENDE
2026-09-06 21:53:03.300  CORE AUDIO HELPER BEREIT
2026-09-06 21:53:03.336  YOUTUBE MUSIC BRIDGE V12.35 START - HOME VARIABLE FIX + ROBUST GSMTC DETECTION
2026-09-06 21:53:03.356  GSMTC MANAGER BEREIT
2026-09-06 21:53:03.359  YT AUTO START AUS (AutoLaunch=0)
2026-09-06 21:53:03.387  SESSION SCAN | 0 Sessions gefunden
2026-09-06 21:53:11.751  SESSION SCAN | 0 Sessions gefunden
2026-09-06 21:53:20.039  SESSION SCAN | 0 Sessions gefunden
2026-09-06 21:53:28.340  SESSION SCAN | 0 Sessions gefunden
2026-09-06 21:53:36.686  SESSION SCAN | 0 Sessions gefunden
2026-09-06 21:53:45.008  SESSION SCAN | 0 Sessions gefunden
2026-09-06 21:53:53.272  SESSION SCAN | 0 Sessions gefunden
2026-09-06 21:54:01.580  SESSION SCAN | 0 Sessions gefunden
2026-09-06 21:54:09.899  SESSION SCAN | 0 Sessions gefunden
2026-09-06 21:54:18.228  SESSION SCAN | 0 Sessions gefunden
2026-09-06 21:54:26.557  SESSION SCAN | 0 Sessions gefunden
2026-09-06 21:54:34.867  SESSION SCAN | 0 Sessions gefunden
2026-09-06 21:54:43.164  SESSION SCAN | 0 Sessions gefunden
2026-09-06 21:54:51.472  SESSION SCAN | 0 Sessions gefunden
2026-09-06 21:54:59.802  SESSION SCAN | 0 Sessions gefunden
2026-09-06 21:55:08.124  SESSION SCAN | 0 Sessions gefunden
2026-09-06 21:55:16.413  SESSION SCAN | 0 Sessions gefunden
2026-09-06 21:55:24.719  SESSION SCAN | 0 Sessions gefunden
2026-09-06 21:55:33.024  SESSION SCAN | 0 Sessions gefunden
2026-09-06 21:55:41.348  SESSION SCAN | 0 Sessions gefunden
2026-09-06 21:55:49.648  SESSION SCAN | 0 Sessions gefunden
2026-09-06 21:55:57.971  SESSION SCAN | 0 Sessions gefunden
2026-09-06 21:56:06.283  SESSION SCAN | 0 Sessions gefunden
2026-09-06 21:56:14.598  SESSION SCAN | 0 Sessions gefunden
2026-09-06 21:56:22.907  SESSION SCAN | 0 Sessions gefunden
2026-09-06 21:56:31.203  SESSION SCAN | 0 Sessions gefunden
2026-09-06 21:56:39.537  SESSION SCAN | 0 Sessions gefunden
2026-09-06 21:56:47.846  SESSION SCAN | 0 Sessions gefunden
2026-09-06 21:56:56.174  SESSION SCAN | 0 Sessions gefunden
2026-09-06 21:57:04.499  SESSION SCAN | 0 Sessions gefunden
2026-09-06 21:57:12.807  SESSION SCAN | 0 Sessions gefunden
2026-09-06 21:57:21.101  SESSION SCAN | 0 Sessions gefunden
2026-09-06 21:57:29.374  SESSION SCAN | 0 Sessions gefunden
2026-09-06 21:57:37.627  SESSION SCAN | 0 Sessions gefunden
2026-09-06 21:57:45.922  SESSION SCAN | 0 Sessions gefunden
2026-09-06 21:57:54.216  SESSION SCAN | 0 Sessions gefunden
2026-09-06 21:58:02.557  SESSION SCAN | 0 Sessions gefunden
2026-09-06 21:58:10.851  SESSION SCAN | 0 Sessions gefunden
2026-09-06 21:58:19.144  SESSION SCAN | 0 Sessions gefunden
2026-09-06 21:58:27.461  SESSION SCAN | 0 Sessions gefunden
2026-09-06 21:58:35.775  SESSION SCAN | 0 Sessions gefunden
2026-09-06 21:58:44.090  SESSION SCAN | 0 Sessions gefunden
2026-09-06 21:58:52.405  SESSION SCAN | 0 Sessions gefunden
2026-09-06 21:59:00.729  SESSION SCAN | 0 Sessions gefunden
2026-09-06 21:59:09.028  SESSION SCAN | 0 Sessions gefunden
2026-09-06 21:59:17.367  SESSION SCAN | 0 Sessions gefunden
2026-09-06 21:59:25.667  SESSION SCAN | 0 Sessions gefunden
2026-09-06 21:59:33.981  SESSION SCAN | 0 Sessions gefunden
2026-09-06 21:59:42.317  SESSION SCAN | 0 Sessions gefunden
2026-09-06 21:59:50.646  SESSION SCAN | 0 Sessions gefunden
2026-09-06 21:59:58.976  SESSION SCAN | 0 Sessions gefunden
2026-09-06 22:00:07.291  SESSION SCAN | 0 Sessions gefunden
2026-09-06 22:00:15.610  SESSION SCAN | 0 Sessions gefunden
2026-09-06 22:00:24.036  SESSION SCAN | 0 Sessions gefunden
2026-09-06 22:00:32.317  SESSION SCAN | 0 Sessions gefunden
2026-09-06 22:00:40.619  SESSION SCAN | 0 Sessions gefunden
2026-09-06 22:00:48.963  SESSION SCAN | 0 Sessions gefunden
2026-09-06 22:00:57.277  SESSION SCAN | 0 Sessions gefunden
2026-09-06 22:01:05.580  SESSION SCAN | 0 Sessions gefunden
2026-09-06 22:01:13.888  SESSION SCAN | 0 Sessions gefunden
2026-09-06 22:01:22.167  SESSION SCAN | 0 Sessions gefunden
2026-09-06 22:01:30.490  SESSION SCAN | 0 Sessions gefunden
2026-09-06 22:01:38.757  SESSION SCAN | 0 Sessions gefunden
2026-09-06 22:01:47.075  SESSION SCAN | 0 Sessions gefunden
2026-09-06 22:01:55.402  SESSION SCAN | 0 Sessions gefunden
2026-09-06 22:02:03.726  SESSION SCAN | 0 Sessions gefunden
2026-09-06 22:02:12.005  SESSION SCAN | 0 Sessions gefunden
2026-09-06 22:02:20.231  SESSION SCAN | 0 Sessions gefunden
2026-09-06 22:02:28.537  SESSION SCAN | 0 Sessions gefunden
2026-09-06 22:02:36.862  SESSION SCAN | 0 Sessions gefunden
2026-09-06 22:02:45.146  SESSION SCAN | 0 Sessions gefunden
2026-09-06 22:02:53.469  SESSION SCAN | 0 Sessions gefunden
2026-09-06 22:03:01.773  SESSION SCAN | 0 Sessions gefunden
2026-09-06 22:03:10.051  SESSION SCAN | 0 Sessions gefunden
2026-09-06 22:03:18.374  SESSION SCAN | 0 Sessions gefunden
2026-09-06 22:03:26.694  SESSION SCAN | 0 Sessions gefunden
2026-09-06 22:03:34.999  SESSION SCAN | 0 Sessions gefunden
2026-09-06 22:03:43.312  SESSION SCAN | 0 Sessions gefunden
2026-09-06 22:03:51.637  SESSION SCAN | 0 Sessions gefunden
2026-09-06 22:03:59.962  SESSION SCAN | 0 Sessions gefunden
2026-09-06 22:04:08.259  SESSION SCAN | 0 Sessions gefunden
2026-09-06 22:04:16.524  SESSION SCAN | 0 Sessions gefunden
2026-09-06 22:04:24.810  SESSION SCAN | 0 Sessions gefunden
2026-09-06 22:04:33.090  SESSION SCAN | 0 Sessions gefunden
2026-09-06 22:04:41.399  SESSION SCAN | 0 Sessions gefunden
2026-09-06 22:04:49.690  SESSION SCAN | 0 Sessions gefunden
2026-09-06 22:04:57.988  SESSION SCAN | 0 Sessions gefunden
2026-09-06 22:05:06.276  SESSION SCAN | 0 Sessions gefunden
2026-09-06 22:05:14.570  SESSION SCAN | 0 Sessions gefunden
2026-09-06 22:05:22.893  SESSION SCAN | 0 Sessions gefunden
2026-09-06 22:05:31.207  SESSION SCAN | 0 Sessions gefunden
2026-09-06 22:05:39.533  SESSION SCAN | 0 Sessions gefunden
2026-09-06 22:05:47.867  SESSION SCAN | 0 Sessions gefunden
2026-09-06 22:05:56.192  SESSION SCAN | 0 Sessions gefunden
2026-09-06 22:06:04.510  SESSION SCAN | 0 Sessions gefunden
2026-09-06 22:06:12.842  SESSION SCAN | 0 Sessions gefunden
2026-09-06 22:06:21.132  SESSION SCAN | 0 Sessions gefunden
2026-09-06 22:06:29.446  SESSION SCAN | 0 Sessions gefunden
2026-09-06 22:06:37.759  SESSION SCAN | 0 Sessions gefunden
2026-09-06 22:06:46.061  SESSION SCAN | 0 Sessions gefunden
2026-09-06 22:06:54.355  SESSION SCAN | 0 Sessions gefunden
2026-09-06 22:07:02.670  SESSION SCAN | 0 Sessions gefunden
2026-09-06 22:07:10.994  SESSION SCAN | 0 Sessions gefunden
2026-09-06 22:07:19.317  SESSION SCAN | 0 Sessions gefunden
2026-09-06 22:07:27.574  SESSION SCAN | 0 Sessions gefunden
2026-09-06 22:07:35.887  SESSION SCAN | 0 Sessions gefunden
2026-09-06 22:07:44.191  SESSION SCAN | 0 Sessions gefunden
2026-09-06 22:07:52.472  SESSION SCAN | 0 Sessions gefunden
2026-09-06 22:08:00.783  SESSION SCAN | 0 Sessions gefunden
2026-09-06 22:08:09.097  SESSION SCAN | 0 Sessions gefunden
2026-09-06 22:08:17.421  SESSION SCAN | 0 Sessions gefunden
2026-09-06 22:08:25.701  SESSION SCAN | 0 Sessions gefunden
2026-09-06 22:08:34.025  SESSION SCAN | 0 Sessions gefunden
2026-09-06 22:08:42.335  SESSION SCAN | 0 Sessions gefunden
2026-09-06 22:08:50.632  SESSION SCAN | 0 Sessions gefunden
2026-09-06 22:08:58.939  SESSION SCAN | 0 Sessions gefunden
2026-09-06 22:09:07.267  SESSION SCAN | 0 Sessions gefunden
2026-09-06 22:09:15.561  SESSION SCAN | 0 Sessions gefunden
2026-09-06 22:09:23.859  SESSION SCAN | 0 Sessions gefunden
2026-09-06 22:09:32.152  SESSION SCAN | 0 Sessions gefunden
2026-09-06 22:09:40.473  SESSION SCAN | 0 Sessions gefunden
2026-09-06 22:09:48.750  SESSION SCAN | 0 Sessions gefunden
2026-09-06 22:09:57.078  SESSION SCAN | 0 Sessions gefunden
2026-09-06 22:10:05.394  SESSION SCAN | 0 Sessions gefunden
2026-09-06 22:10:11.054  PARENT ENDE | MANAGED=False
2026-09-06 22:10:11.060  YT VOLUME RESTORE | SESSIONS=0
2026-09-06 22:10:11.061  BRIDGE ENDE
2026-09-06 22:23:45.554  CORE AUDIO HELPER BEREIT
2026-09-06 22:23:45.595  YOUTUBE MUSIC BRIDGE V12.35 START - HOME VARIABLE FIX + ROBUST GSMTC DETECTION
2026-09-06 22:23:45.619  GSMTC MANAGER BEREIT
2026-09-06 22:23:45.625  YT AUTO START AUS (AutoLaunch=0)
2026-09-06 22:23:45.662  SESSION SCAN | 0 Sessions gefunden
2026-09-06 22:23:53.999  SESSION SCAN | 0 Sessions gefunden
2026-09-06 22:24:02.306  SESSION SCAN | 0 Sessions gefunden
2026-09-06 22:24:10.582  SESSION SCAN | 0 Sessions gefunden
2026-09-06 22:24:18.863  SESSION SCAN | 0 Sessions gefunden
2026-09-06 22:24:27.155  SESSION SCAN | 0 Sessions gefunden
2026-09-06 22:24:35.472  SESSION SCAN | 0 Sessions gefunden
2026-09-06 22:24:43.751  SESSION SCAN | 0 Sessions gefunden
2026-09-06 22:24:52.042  SESSION SCAN | 0 Sessions gefunden
2026-09-06 22:25:00.330  SESSION SCAN | 0 Sessions gefunden
2026-09-06 22:25:08.599  SESSION SCAN | 0 Sessions gefunden
2026-09-06 22:25:16.879  SESSION SCAN | 0 Sessions gefunden
2026-09-06 22:25:25.191  SESSION SCAN | 0 Sessions gefunden
2026-09-06 22:25:33.494  SESSION SCAN | 0 Sessions gefunden
2026-09-06 22:25:41.781  SESSION SCAN | 0 Sessions gefunden
2026-09-06 22:25:50.090  SESSION SCAN | 0 Sessions gefunden
2026-09-06 22:25:58.416  SESSION SCAN | 0 Sessions gefunden
2026-09-06 22:26:06.695  SESSION SCAN | 0 Sessions gefunden
2026-09-06 22:26:15.008  SESSION SCAN | 0 Sessions gefunden
2026-09-06 22:26:23.275  SESSION SCAN | 0 Sessions gefunden
2026-09-06 22:26:31.547  SESSION SCAN | 0 Sessions gefunden
2026-09-06 22:26:39.855  SESSION SCAN | 0 Sessions gefunden
2026-09-06 22:26:48.115  SESSION SCAN | 0 Sessions gefunden
2026-09-06 22:26:56.414  SESSION SCAN | 0 Sessions gefunden
2026-09-06 22:27:04.704  SESSION SCAN | 0 Sessions gefunden
2026-09-06 22:27:13.040  SESSION SCAN | 0 Sessions gefunden
2026-09-06 22:27:21.324  SESSION SCAN | 0 Sessions gefunden
2026-09-06 22:27:29.546  SESSION SCAN | 0 Sessions gefunden
2026-09-06 22:27:37.840  SESSION SCAN | 0 Sessions gefunden
2026-09-06 22:27:46.118  SESSION SCAN | 0 Sessions gefunden
2026-09-06 22:27:54.432  SESSION SCAN | 0 Sessions gefunden
2026-09-06 22:28:02.701  SESSION SCAN | 0 Sessions gefunden
2026-09-06 22:28:11.010  SESSION SCAN | 0 Sessions gefunden
2026-09-06 22:28:19.256  SESSION SCAN | 0 Sessions gefunden
2026-09-06 22:28:27.631  SESSION SCAN | 0 Sessions gefunden
2026-09-06 22:28:35.974  SESSION SCAN | 0 Sessions gefunden
2026-09-06 22:28:44.239  SESSION SCAN | 0 Sessions gefunden
2026-09-06 22:28:52.544  SESSION SCAN | 0 Sessions gefunden
2026-09-06 22:29:00.819  SESSION SCAN | 0 Sessions gefunden
2026-09-06 22:29:09.139  SESSION SCAN | 0 Sessions gefunden
2026-09-06 22:29:17.431  SESSION SCAN | 0 Sessions gefunden
2026-09-06 22:29:25.744  SESSION SCAN | 0 Sessions gefunden
2026-09-06 22:29:34.059  SESSION SCAN | 0 Sessions gefunden
2026-09-06 22:29:42.383  SESSION SCAN | 0 Sessions gefunden
2026-09-06 22:29:50.662  SESSION SCAN | 0 Sessions gefunden
2026-09-06 22:29:58.940  SESSION SCAN | 0 Sessions gefunden
2026-09-06 22:30:07.265  SESSION SCAN | 0 Sessions gefunden
2026-09-06 22:30:15.579  SESSION SCAN | 0 Sessions gefunden
2026-09-06 22:30:23.847  SESSION SCAN | 0 Sessions gefunden
2026-09-06 22:30:32.141  SESSION SCAN | 0 Sessions gefunden
2026-09-06 22:30:40.402  SESSION SCAN | 0 Sessions gefunden
2026-09-06 22:30:48.727  SESSION SCAN | 0 Sessions gefunden
2026-09-06 22:30:57.017  SESSION SCAN | 0 Sessions gefunden
2026-09-06 22:31:05.320  SESSION SCAN | 0 Sessions gefunden
2026-09-06 22:31:13.635  SESSION SCAN | 0 Sessions gefunden
2026-09-06 22:31:21.907  SESSION SCAN | 0 Sessions gefunden
2026-09-06 22:31:30.240  SESSION SCAN | 0 Sessions gefunden
2026-09-06 22:31:38.567  SESSION SCAN | 0 Sessions gefunden
2026-09-06 22:31:46.951  SESSION SCAN | 0 Sessions gefunden
2026-09-06 22:31:55.251  SESSION SCAN | 0 Sessions gefunden
2026-09-06 22:32:03.561  SESSION SCAN | 0 Sessions gefunden
2026-09-06 22:32:11.861  SESSION SCAN | 0 Sessions gefunden
2026-09-06 22:32:20.180  SESSION SCAN | 0 Sessions gefunden
2026-09-06 22:32:28.470  SESSION SCAN | 0 Sessions gefunden
2026-09-06 22:32:36.740  SESSION SCAN | 0 Sessions gefunden
2026-09-06 22:32:45.028  SESSION SCAN | 0 Sessions gefunden
2026-09-06 22:32:53.325  SESSION SCAN | 0 Sessions gefunden
2026-09-06 22:33:01.655  SESSION SCAN | 0 Sessions gefunden
2026-09-06 22:33:09.934  SESSION SCAN | 0 Sessions gefunden
2026-09-06 22:33:18.185  SESSION SCAN | 0 Sessions gefunden
2026-09-06 22:33:26.482  SESSION SCAN | 0 Sessions gefunden
2026-09-06 22:33:34.759  SESSION SCAN | 0 Sessions gefunden
2026-09-06 22:33:43.016  SESSION SCAN | 0 Sessions gefunden
2026-09-06 22:33:51.280  SESSION SCAN | 0 Sessions gefunden
2026-09-06 22:33:59.501  SESSION SCAN | 0 Sessions gefunden
2026-09-06 22:34:07.796  SESSION SCAN | 0 Sessions gefunden
2026-09-06 22:34:16.075  SESSION SCAN | 0 Sessions gefunden
2026-09-06 22:34:24.381  SESSION SCAN | 0 Sessions gefunden
2026-09-06 22:34:30.412  PARENT ENDE | MANAGED=False
2026-09-06 22:34:30.418  YT VOLUME RESTORE | SESSIONS=0
2026-09-06 22:34:30.419  BRIDGE ENDE
2026-09-06 22:36:27.764  CORE AUDIO HELPER BEREIT
2026-09-06 22:36:27.804  YOUTUBE MUSIC BRIDGE V12.35 START - HOME VARIABLE FIX + ROBUST GSMTC DETECTION
2026-09-06 22:36:27.826  GSMTC MANAGER BEREIT
2026-09-06 22:36:27.830  YT AUTO START AUS (AutoLaunch=0)
2026-09-06 22:36:27.858  SESSION SCAN | 0 Sessions gefunden
2026-09-06 22:36:36.237  SESSION SCAN | 0 Sessions gefunden
2026-09-06 22:36:44.564  SESSION SCAN | 0 Sessions gefunden
2026-09-06 22:36:52.874  SESSION SCAN | 0 Sessions gefunden
2026-09-06 22:37:01.189  SESSION SCAN | 0 Sessions gefunden
2026-09-06 22:37:09.499  SESSION SCAN | 0 Sessions gefunden
2026-09-06 22:37:17.797  SESSION SCAN | 0 Sessions gefunden
2026-09-06 22:37:26.126  SESSION SCAN | 0 Sessions gefunden
2026-09-06 22:37:34.419  SESSION SCAN | 0 Sessions gefunden
2026-09-06 22:37:42.711  SESSION SCAN | 0 Sessions gefunden
2026-09-06 22:37:51.028  SESSION SCAN | 0 Sessions gefunden
2026-09-06 22:37:59.340  SESSION SCAN | 0 Sessions gefunden
2026-09-06 22:38:07.630  SESSION SCAN | 0 Sessions gefunden
2026-09-06 22:38:15.963  SESSION SCAN | 0 Sessions gefunden
2026-09-06 22:38:24.267  SESSION SCAN | 0 Sessions gefunden
2026-09-06 22:38:32.574  SESSION SCAN | 0 Sessions gefunden
2026-09-06 22:38:40.895  SESSION SCAN | 0 Sessions gefunden
2026-09-06 22:38:49.201  SESSION SCAN | 0 Sessions gefunden
2026-09-06 22:38:57.476  SESSION SCAN | 0 Sessions gefunden
2026-09-06 22:39:05.783  SESSION SCAN | 0 Sessions gefunden
2026-09-06 22:39:14.114  SESSION SCAN | 0 Sessions gefunden
2026-09-06 22:39:22.423  SESSION SCAN | 0 Sessions gefunden
2026-09-06 22:39:30.749  SESSION SCAN | 0 Sessions gefunden
2026-09-06 22:39:39.074  SESSION SCAN | 0 Sessions gefunden
2026-09-06 22:39:47.396  SESSION SCAN | 0 Sessions gefunden
2026-09-06 22:39:55.707  SESSION SCAN | 0 Sessions gefunden
2026-09-06 22:40:04.021  SESSION SCAN | 0 Sessions gefunden
2026-09-06 22:40:12.347  SESSION SCAN | 0 Sessions gefunden
2026-09-06 22:40:20.668  SESSION SCAN | 0 Sessions gefunden
2026-09-06 22:40:28.990  SESSION SCAN | 0 Sessions gefunden
2026-09-06 22:40:37.266  SESSION SCAN | 0 Sessions gefunden
2026-09-06 22:40:45.590  SESSION SCAN | 0 Sessions gefunden
2026-09-06 22:40:53.887  SESSION SCAN | 0 Sessions gefunden
2026-09-06 22:41:02.181  SESSION SCAN | 0 Sessions gefunden
2026-09-06 22:41:10.475  SESSION SCAN | 0 Sessions gefunden
2026-09-06 22:41:18.774  SESSION SCAN | 0 Sessions gefunden
2026-09-06 22:41:27.065  SESSION SCAN | 0 Sessions gefunden
2026-09-06 22:41:35.388  SESSION SCAN | 0 Sessions gefunden
2026-09-06 22:41:43.698  SESSION SCAN | 0 Sessions gefunden
2026-09-06 22:41:51.975  SESSION SCAN | 0 Sessions gefunden
2026-09-06 22:42:00.284  SESSION SCAN | 0 Sessions gefunden
2026-09-06 22:42:08.593  SESSION SCAN | 0 Sessions gefunden
2026-09-06 22:42:16.901  SESSION SCAN | 0 Sessions gefunden
2026-09-06 22:42:25.190  SESSION SCAN | 0 Sessions gefunden
2026-09-06 22:42:33.488  SESSION SCAN | 0 Sessions gefunden
2026-09-06 22:42:41.820  SESSION SCAN | 0 Sessions gefunden
2026-09-06 22:42:50.130  SESSION SCAN | 0 Sessions gefunden
2026-09-06 22:42:58.443  SESSION SCAN | 0 Sessions gefunden
2026-09-06 22:43:06.765  SESSION SCAN | 0 Sessions gefunden
2026-09-06 22:43:15.091  SESSION SCAN | 0 Sessions gefunden
2026-09-06 22:43:23.354  SESSION SCAN | 0 Sessions gefunden
2026-09-06 22:43:31.672  SESSION SCAN | 0 Sessions gefunden
2026-09-06 22:43:39.992  SESSION SCAN | 0 Sessions gefunden
2026-09-06 22:43:48.305  SESSION SCAN | 0 Sessions gefunden
2026-09-06 22:43:56.614  SESSION SCAN | 0 Sessions gefunden
2026-09-06 22:44:04.944  SESSION SCAN | 0 Sessions gefunden
2026-09-06 22:44:13.247  SESSION SCAN | 0 Sessions gefunden
2026-09-06 22:44:21.566  SESSION SCAN | 0 Sessions gefunden
2026-09-06 22:44:29.864  SESSION SCAN | 0 Sessions gefunden
2026-09-06 22:44:38.175  SESSION SCAN | 0 Sessions gefunden
2026-09-06 22:44:46.501  SESSION SCAN | 0 Sessions gefunden
2026-09-06 22:44:54.798  SESSION SCAN | 0 Sessions gefunden
2026-09-06 22:45:03.127  SESSION SCAN | 0 Sessions gefunden
2026-09-06 22:45:11.457  SESSION SCAN | 0 Sessions gefunden
2026-09-06 22:45:19.775  SESSION SCAN | 0 Sessions gefunden
2026-09-06 22:45:28.095  SESSION SCAN | 0 Sessions gefunden
2026-09-06 22:45:36.409  SESSION SCAN | 0 Sessions gefunden
2026-09-06 22:45:44.709  SESSION SCAN | 0 Sessions gefunden
2026-09-06 22:45:53.020  SESSION SCAN | 0 Sessions gefunden
2026-09-06 22:46:01.300  SESSION SCAN | 0 Sessions gefunden
2026-09-06 22:46:09.627  SESSION SCAN | 0 Sessions gefunden
2026-09-06 22:46:17.917  SESSION SCAN | 0 Sessions gefunden
2026-09-06 22:46:26.235  SESSION SCAN | 0 Sessions gefunden
2026-09-06 22:46:34.522  SESSION SCAN | 0 Sessions gefunden
2026-09-06 22:46:42.850  SESSION SCAN | 0 Sessions gefunden
2026-09-06 22:46:51.153  SESSION SCAN | 0 Sessions gefunden
2026-09-06 22:46:59.484  SESSION SCAN | 0 Sessions gefunden
2026-09-06 22:47:07.756  SESSION SCAN | 0 Sessions gefunden
2026-09-06 22:47:16.056  SESSION SCAN | 0 Sessions gefunden
2026-09-06 22:47:24.387  SESSION SCAN | 0 Sessions gefunden
2026-09-06 22:47:32.686  SESSION SCAN | 0 Sessions gefunden
2026-09-06 22:47:40.981  SESSION SCAN | 0 Sessions gefunden
2026-09-06 22:47:49.262  SESSION SCAN | 0 Sessions gefunden
2026-09-06 22:47:57.595  SESSION SCAN | 0 Sessions gefunden
2026-09-06 22:48:05.920  SESSION SCAN | 0 Sessions gefunden
2026-09-06 22:48:14.248  SESSION SCAN | 0 Sessions gefunden
2026-09-06 22:48:22.531  SESSION SCAN | 0 Sessions gefunden
2026-09-06 22:48:30.810  SESSION SCAN | 0 Sessions gefunden
2026-09-06 22:48:39.088  SESSION SCAN | 0 Sessions gefunden
2026-09-06 22:48:47.395  SESSION SCAN | 0 Sessions gefunden
2026-09-06 22:48:55.717  SESSION SCAN | 0 Sessions gefunden
2026-09-06 22:49:04.041  SESSION SCAN | 0 Sessions gefunden
2026-09-06 22:49:12.367  SESSION SCAN | 0 Sessions gefunden
2026-09-06 22:49:20.680  SESSION SCAN | 0 Sessions gefunden
2026-09-06 22:49:28.995  SESSION SCAN | 0 Sessions gefunden
2026-09-06 22:49:37.304  SESSION SCAN | 0 Sessions gefunden
2026-09-06 22:49:45.550  SESSION SCAN | 0 Sessions gefunden
2026-09-06 22:49:53.861  SESSION SCAN | 0 Sessions gefunden
2026-09-06 22:50:02.160  SESSION SCAN | 0 Sessions gefunden
2026-09-06 22:50:10.454  SESSION SCAN | 0 Sessions gefunden
2026-09-06 22:50:18.741  SESSION SCAN | 0 Sessions gefunden
2026-09-06 22:50:27.041  SESSION SCAN | 0 Sessions gefunden
2026-09-06 22:50:35.341  SESSION SCAN | 0 Sessions gefunden
2026-09-06 22:50:43.650  SESSION SCAN | 0 Sessions gefunden
2026-09-06 22:50:51.893  SESSION SCAN | 0 Sessions gefunden
2026-09-06 22:51:00.217  SESSION SCAN | 0 Sessions gefunden
2026-09-06 22:51:08.489  SESSION SCAN | 0 Sessions gefunden
2026-09-06 22:51:16.795  SESSION SCAN | 0 Sessions gefunden
2026-09-06 22:51:25.119  SESSION SCAN | 0 Sessions gefunden
2026-09-06 22:51:33.447  SESSION SCAN | 0 Sessions gefunden
2026-09-06 22:51:41.777  SESSION SCAN | 0 Sessions gefunden
2026-09-06 22:51:50.075  SESSION SCAN | 0 Sessions gefunden
2026-09-06 22:51:52.735  MANAGED MODE OFF
2026-09-06 22:51:52.748  YT VOLUME RESTORE | SESSIONS=0
2026-09-06 22:51:52.985  YT VOLUME RESTORE | SESSIONS=0
2026-09-06 22:51:52.986  BRIDGE ENDE
2026-09-06 22:52:01.037  CORE AUDIO HELPER BEREIT
2026-09-06 22:52:01.077  YOUTUBE MUSIC BRIDGE V12.35 START - HOME VARIABLE FIX + ROBUST GSMTC DETECTION
2026-09-06 22:52:01.103  GSMTC MANAGER BEREIT
2026-09-06 22:52:01.108  YT AUTO START AUS (AutoLaunch=0)
2026-09-06 22:52:01.139  SESSION SCAN | 0 Sessions gefunden
2026-09-06 22:52:09.525  SESSION SCAN | 0 Sessions gefunden
2026-09-06 22:52:17.830  SESSION SCAN | 0 Sessions gefunden
2026-09-06 22:52:26.116  SESSION SCAN | 0 Sessions gefunden
2026-09-06 22:52:34.443  SESSION SCAN | 0 Sessions gefunden
2026-09-06 22:52:42.771  SESSION SCAN | 0 Sessions gefunden
2026-09-06 22:52:51.106  SESSION SCAN | 0 Sessions gefunden
2026-09-06 22:52:59.371  SESSION SCAN | 0 Sessions gefunden
2026-09-06 22:53:07.694  SESSION SCAN | 0 Sessions gefunden
2026-09-06 22:53:15.973  SESSION SCAN | 0 Sessions gefunden
2026-09-06 22:53:24.290  SESSION SCAN | 0 Sessions gefunden
2026-09-06 22:53:32.584  SESSION SCAN | 0 Sessions gefunden
2026-09-06 22:53:40.863  SESSION SCAN | 0 Sessions gefunden
2026-09-06 22:53:49.168  SESSION SCAN | 0 Sessions gefunden
2026-09-06 22:53:57.477  SESSION SCAN | 0 Sessions gefunden
2026-09-06 22:54:05.752  SESSION SCAN | 0 Sessions gefunden
2026-09-06 22:54:14.028  SESSION SCAN | 0 Sessions gefunden
2026-09-06 22:54:22.320  SESSION SCAN | 0 Sessions gefunden
2026-09-06 22:54:30.632  SESSION SCAN | 0 Sessions gefunden
2026-09-06 22:54:38.919  SESSION SCAN | 0 Sessions gefunden
2026-09-06 22:54:47.238  SESSION SCAN | 0 Sessions gefunden
2026-09-06 22:54:55.557  SESSION SCAN | 0 Sessions gefunden
2026-09-06 22:55:03.847  SESSION SCAN | 0 Sessions gefunden
2026-09-06 22:55:12.152  SESSION SCAN | 0 Sessions gefunden
2026-09-06 22:55:20.454  SESSION SCAN | 0 Sessions gefunden
2026-09-06 22:55:28.760  SESSION SCAN | 0 Sessions gefunden
2026-09-06 22:55:37.070  SESSION SCAN | 0 Sessions gefunden
2026-09-06 22:55:45.379  SESSION SCAN | 0 Sessions gefunden
2026-09-06 22:55:53.707  SESSION SCAN | 0 Sessions gefunden
2026-09-06 22:56:02.034  SESSION SCAN | 0 Sessions gefunden
2026-09-06 22:56:10.367  SESSION SCAN | 0 Sessions gefunden
2026-09-06 22:56:18.676  SESSION SCAN | 0 Sessions gefunden
2026-09-06 22:56:26.988  SESSION SCAN | 0 Sessions gefunden
2026-09-06 22:56:35.298  SESSION SCAN | 0 Sessions gefunden
2026-09-06 22:56:43.628  SESSION SCAN | 0 Sessions gefunden
2026-09-06 22:56:51.940  SESSION SCAN | 0 Sessions gefunden
2026-09-06 22:57:00.264  SESSION SCAN | 0 Sessions gefunden
2026-09-06 22:57:08.591  SESSION SCAN | 0 Sessions gefunden
2026-09-06 22:57:16.914  SESSION SCAN | 0 Sessions gefunden
2026-09-06 22:57:25.243  SESSION SCAN | 0 Sessions gefunden
2026-09-06 22:57:33.573  SESSION SCAN | 0 Sessions gefunden
2026-09-06 22:57:41.898  SESSION SCAN | 0 Sessions gefunden
2026-09-06 22:57:50.196  SESSION SCAN | 0 Sessions gefunden
2026-09-06 22:57:58.485  SESSION SCAN | 0 Sessions gefunden
2026-09-06 22:58:06.797  SESSION SCAN | 0 Sessions gefunden
2026-09-06 22:58:15.115  SESSION SCAN | 0 Sessions gefunden
2026-09-06 22:58:23.439  SESSION SCAN | 0 Sessions gefunden
2026-09-06 22:58:31.710  SESSION SCAN | 0 Sessions gefunden
2026-09-06 22:58:40.014  SESSION SCAN | 0 Sessions gefunden
2026-09-06 22:58:48.370  SESSION SCAN | 0 Sessions gefunden
2026-09-06 22:58:56.696  SESSION SCAN | 0 Sessions gefunden
2026-09-06 22:59:05.012  SESSION SCAN | 0 Sessions gefunden
2026-09-06 22:59:13.311  SESSION SCAN | 0 Sessions gefunden
2026-09-06 22:59:21.620  SESSION SCAN | 0 Sessions gefunden
2026-09-06 22:59:29.941  SESSION SCAN | 0 Sessions gefunden
2026-09-06 22:59:38.239  SESSION SCAN | 0 Sessions gefunden
2026-09-06 22:59:46.514  SESSION SCAN | 0 Sessions gefunden
2026-09-06 22:59:54.833  SESSION SCAN | 0 Sessions gefunden
2026-09-06 23:00:03.143  SESSION SCAN | 0 Sessions gefunden
2026-09-06 23:00:11.445  SESSION SCAN | 0 Sessions gefunden
2026-09-06 23:00:19.738  SESSION SCAN | 0 Sessions gefunden
2026-09-06 23:00:28.044  SESSION SCAN | 0 Sessions gefunden
2026-09-06 23:00:36.325  SESSION SCAN | 0 Sessions gefunden
2026-09-06 23:00:44.635  SESSION SCAN | 0 Sessions gefunden
2026-09-06 23:00:52.944  SESSION SCAN | 0 Sessions gefunden
2026-09-06 23:01:01.226  SESSION SCAN | 0 Sessions gefunden
2026-09-06 23:01:09.503  SESSION SCAN | 0 Sessions gefunden
2026-09-06 23:01:17.803  SESSION SCAN | 0 Sessions gefunden
2026-09-06 23:01:26.122  SESSION SCAN | 0 Sessions gefunden
2026-09-06 23:01:34.401  SESSION SCAN | 0 Sessions gefunden
2026-09-06 23:01:42.650  SESSION SCAN | 0 Sessions gefunden
2026-09-06 23:01:50.956  SESSION SCAN | 0 Sessions gefunden
2026-09-06 23:01:59.226  SESSION SCAN | 0 Sessions gefunden
2026-09-06 23:02:07.512  SESSION SCAN | 0 Sessions gefunden
2026-09-06 23:02:15.923  SESSION SCAN | 0 Sessions gefunden
2026-09-06 23:02:24.327  SESSION SCAN | 0 Sessions gefunden
2026-09-06 23:02:32.633  SESSION SCAN | 0 Sessions gefunden
2026-09-06 23:02:40.938  SESSION SCAN | 0 Sessions gefunden
2026-09-06 23:02:49.229  SESSION SCAN | 0 Sessions gefunden
2026-09-06 23:02:57.537  SESSION SCAN | 0 Sessions gefunden
2026-09-06 23:03:05.959  SESSION SCAN | 0 Sessions gefunden
2026-09-06 23:03:14.263  SESSION SCAN | 0 Sessions gefunden
2026-09-06 23:03:22.648  SESSION SCAN | 0 Sessions gefunden
2026-09-06 23:03:30.942  SESSION SCAN | 0 Sessions gefunden
2026-09-06 23:03:39.208  SESSION SCAN | 0 Sessions gefunden
2026-09-06 23:03:47.492  SESSION SCAN | 0 Sessions gefunden
2026-09-06 23:03:55.753  SESSION SCAN | 0 Sessions gefunden
2026-09-06 23:04:04.062  SESSION SCAN | 0 Sessions gefunden
2026-09-06 23:04:12.354  SESSION SCAN | 0 Sessions gefunden
2026-09-06 23:04:20.636  SESSION SCAN | 0 Sessions gefunden
2026-09-06 23:04:28.934  SESSION SCAN | 0 Sessions gefunden
2026-09-06 23:04:37.207  SESSION SCAN | 0 Sessions gefunden
2026-09-06 23:04:45.495  SESSION SCAN | 0 Sessions gefunden
2026-09-06 23:04:53.772  SESSION SCAN | 0 Sessions gefunden
2026-09-06 23:05:02.070  SESSION SCAN | 0 Sessions gefunden
2026-09-06 23:05:10.392  SESSION SCAN | 0 Sessions gefunden
2026-09-06 23:05:18.677  SESSION SCAN | 0 Sessions gefunden
2026-09-06 23:05:26.995  SESSION SCAN | 0 Sessions gefunden
2026-09-06 23:05:35.308  SESSION SCAN | 0 Sessions gefunden
2026-09-06 23:05:43.619  SESSION SCAN | 0 Sessions gefunden
2026-09-06 23:05:51.916  SESSION SCAN | 0 Sessions gefunden
2026-09-06 23:06:00.229  SESSION SCAN | 0 Sessions gefunden
2026-09-06 23:06:08.454  SESSION SCAN | 0 Sessions gefunden
2026-09-06 23:06:16.756  SESSION SCAN | 0 Sessions gefunden
2026-09-06 23:06:25.011  SESSION SCAN | 0 Sessions gefunden
2026-09-06 23:06:33.317  SESSION SCAN | 0 Sessions gefunden
2026-09-06 23:06:41.631  SESSION SCAN | 0 Sessions gefunden
2026-09-06 23:06:49.936  SESSION SCAN | 0 Sessions gefunden
2026-09-06 23:06:58.190  SESSION SCAN | 0 Sessions gefunden
2026-09-06 23:07:06.470  SESSION SCAN | 0 Sessions gefunden
2026-09-06 23:07:14.798  SESSION SCAN | 0 Sessions gefunden
2026-09-06 23:07:23.126  SESSION SCAN | 0 Sessions gefunden
2026-09-06 23:07:31.432  SESSION SCAN | 0 Sessions gefunden
2026-09-06 23:07:39.754  SESSION SCAN | 0 Sessions gefunden
2026-09-06 23:07:48.037  SESSION SCAN | 0 Sessions gefunden
2026-09-06 23:07:56.352  SESSION SCAN | 0 Sessions gefunden
2026-09-06 23:08:04.668  SESSION SCAN | 0 Sessions gefunden
2026-09-06 23:08:12.984  SESSION SCAN | 0 Sessions gefunden
2026-09-06 23:08:21.311  SESSION SCAN | 0 Sessions gefunden
2026-09-06 23:08:29.642  SESSION SCAN | 0 Sessions gefunden
2026-09-06 23:08:37.954  SESSION SCAN | 0 Sessions gefunden
2026-09-06 23:08:46.279  SESSION SCAN | 0 Sessions gefunden
2026-09-06 23:08:54.584  SESSION SCAN | 0 Sessions gefunden
2026-09-06 23:09:02.882  SESSION SCAN | 0 Sessions gefunden
2026-09-06 23:09:11.204  SESSION SCAN | 0 Sessions gefunden
2026-09-06 23:09:14.874  PARENT ENDE | MANAGED=False
2026-09-06 23:09:14.879  YT VOLUME RESTORE | SESSIONS=0
2026-09-06 23:09:14.880  BRIDGE ENDE
